@args(int inputVar)
<html>
<body>

    <p>Section 1 content is here</p>

<div>This is in the main content: @inputVar</div>

    <p>Section 2 content is here</p>

    <p>Section 3 content is here</p>

</body>
</html>