<html>
<body>
    <style>
        .body
        .buttonCss
    </style>
    <div>This is in the main content: 3</div>
<div>
    <p>This is the main content from the fragment: 4</p>
</div>
<div>
    <p>This is the main content from the fragment: 5</p>
</div>
    <script>
        var status = "active";
        document.getElementById("button").setStatus("active");
    </script>
</body>
</html>
