<html>
<body>
    <style>
        .body
        .button10 {
            color: red;
        }
        .buttonCss
        .button11 {
            color: red;
        }
    </style>
    <div>This is in the main content: 10</div>
<div>
    <p>This is the main content from the fragment: 11</p>
</div>
<div>
    <p>This is the main content from the fragment: 11</p>
</div>
<div>
    <p>This is the main content from the fragment: 12</p>
</div>
    <script>
        var status = "active";
        document.getElementById("button10").setStatus("active");
        document.getElementById("button").setStatus("active");
        document.getElementById("button11").setStatus("active");
    </script>
</body>
</html>
