    <p>Section 1 content is here</p>
    <p>From fragment1s1: 0</p>
    <p>From fragment1s1_insertOnce: 100</p>
    <p>From fragment1s1: 1</p>
    <p>From fragment1s1: 2</p>
<p>Main content</p>
<p>Fragment content: 0</p>
<p>Fragment content: 1</p>
<p>Fragment content: 2</p>
