<html>
<body>
        <p>Start of css section</p>
    <div>This is in the main content: 3</div>
        <p>Start of javascript section</p>
</body>
</html>
