<head>
    <title>Test page</title>
</head>
<body>
    <h5>A more complex test case for IF and FOR</h5>
            <p>b is not 0</p>
                <p>With b=3</p>
                <p>one</p>
                <p>With b=3</p>
                <p>two</p>
                <p>With b=3</p>
                <p>three</p>
</body>
