<script>
    var myVar = 3;
    if (myVar > 0) {
        console.log("variable is greater than 0");
    } else {
        console.log("variable is not greater than 0");
    }
</script>
