<head>
    <title>Test page</title>
</head>
<body>
    <p>&lt;span&gt;test&lt;/span&gt;</p>
    <p>null</p>
    <p><span>test</span></p>
    <p>null</p>
    <p>&lt;span&gt;test&lt;/span&gt;</p>
    <p></p>
</body>
