<head>
    <title>Test page</title>
    <link href="http://localhost\css\mycss.css" rel="stylesheet" />
</head>
<body>
<strong>This comes from a fragment</strong>
    <h6>0</h6>
<h6>AAAA</h6>
        <span>0</span>
        <span>1</span>
        <span>2</span>
        <span>3</span>
        <span>4</span>
        <span>5</span>
        <span>6</span>
        <span>7</span>
        <span>8</span>
        <span>9</span>
    <p>My email is test@localhost.test</p>
</body>
