<head>
    <title>Test page</title>
</head>
<body>
    <p>a + b = 3 + 4 = 7</p>
    <p>List item is: 90</p>
        <p>Sum = 93</p>
        <p>A is 3</p>
        <p>B is 4</p>

</body>
